2023-12-19T06:39:54.195Z	INFO	Metrics server is starting to listen	{"addr": "127.0.0.1:8080"}
I1219 06:39:54.196032       1 flags.go:64] FLAG: --add_dir_header="false"
I1219 06:39:54.196044       1 flags.go:64] FLAG: --address="127.0.0.1"
I1219 06:39:54.196049       1 flags.go:64] FLAG: --allow-metric-labels="[]"
I1219 06:39:54.196070       1 flags.go:64] FLAG: --alsologtostderr="false"
I1219 06:39:54.196072       1 flags.go:64] FLAG: --authentication-kubeconfig=""
2023-12-19T06:39:54.196Z	INFO	Registering a mutating webhook	{"GVK": "k8s.v6d.io/v1alpha1, Kind=LocalObject", "path": "/mutate-k8s-v6d-io-v1alpha1-localobject"}
I1219 06:39:54.196134       1 flags.go:64] FLAG: --authentication-skip-lookup="false"
I1219 06:39:54.196141       1 flags.go:64] FLAG: --authentication-token-webhook-cache-ttl="10s"
I1219 06:39:54.196146       1 flags.go:64] FLAG: --authentication-tolerate-lookup-failure="true"
I1219 06:39:54.196153       1 flags.go:64] FLAG: --authorization-always-allow-paths="[/healthz,/readyz,/livez]"
I1219 06:39:54.196196       1 flags.go:64] FLAG: --authorization-kubeconfig=""
2023-12-19T06:39:54.196Z	INFO	Registering webhook
2023-12-19T06:39:54.196Z	INFO	Registering a validating webhook	{"GVK": "k8s.v6d.io/v1alpha1, Kind=LocalObject", "path": "/validate-k8s-v6d-io-v1alpha1-localobject"}
2023-12-19T06:39:54.196Z	INFO	Registering webhook
2023-12-19T06:39:54.196Z	INFO	Registering a mutating webhook	{"GVK": "k8s.v6d.io/v1alpha1, Kind=GlobalObject", "path": "/mutate-k8s-v6d-io-v1alpha1-globalobject"}
I1219 06:39:54.196199       1 flags.go:64] FLAG: --authorization-webhook-cache-authorized-ttl="10s"
I1219 06:39:54.196353       1 flags.go:64] FLAG: --authorization-webhook-cache-unauthorized-ttl="10s"
I1219 06:39:54.196362       1 flags.go:64] FLAG: --bind-address="0.0.0.0"
I1219 06:39:54.196370       1 flags.go:64] FLAG: --cert-dir=""
2023-12-19T06:39:54.196Z	INFO	Registering webhook
I1219 06:39:54.196374       1 flags.go:64] FLAG: --client-ca-file=""
I1219 06:39:54.196377       1 flags.go:64] FLAG: --config="/etc/kubernetes/scheduler.yaml"
I1219 06:39:54.196384       1 flags.go:64] FLAG: --contention-profiling="true"
I1219 06:39:54.196388       1 flags.go:64] FLAG: --disabled-metrics="[]"
I1219 06:39:54.196397       1 flags.go:64] FLAG: --experimental-logging-sanitization="false"
I1219 06:39:54.196401       1 flags.go:64] FLAG: --feature-gates=""
2023-12-19T06:39:54.196Z	INFO	Registering a validating webhook	{"GVK": "k8s.v6d.io/v1alpha1, Kind=GlobalObject", "path": "/validate-k8s-v6d-io-v1alpha1-globalobject"}
I1219 06:39:54.196409       1 flags.go:64] FLAG: --help="false"
I1219 06:39:54.196414       1 flags.go:64] FLAG: --http2-max-streams-per-connection="0"
I1219 06:39:54.196419       1 flags.go:64] FLAG: --kube-api-burst="100"
I1219 06:39:54.196428       1 flags.go:64] FLAG: --kube-api-content-type="application/vnd.kubernetes.protobuf"
I1219 06:39:54.196432       1 flags.go:64] FLAG: --kube-api-qps="50"
I1219 06:39:54.196446       1 flags.go:64] FLAG: --kubeconfig=""
I1219 06:39:54.196452       1 flags.go:64] FLAG: --leader-elect="true"
I1219 06:39:54.196455       1 flags.go:64] FLAG: --leader-elect-lease-duration="15s"
I1219 06:39:54.196458       1 flags.go:64] FLAG: --leader-elect-renew-deadline="10s"
I1219 06:39:54.196463       1 flags.go:64] FLAG: --leader-elect-resource-lock="leases"
I1219 06:39:54.196465       1 flags.go:64] FLAG: --leader-elect-resource-name="kube-scheduler"
I1219 06:39:54.196467       1 flags.go:64] FLAG: --leader-elect-resource-namespace="kube-system"
I1219 06:39:54.196472       1 flags.go:64] FLAG: --leader-elect-retry-period="2s"
I1219 06:39:54.196474       1 flags.go:64] FLAG: --lock-object-name="kube-scheduler"
I1219 06:39:54.196476       1 flags.go:64] FLAG: --lock-object-namespace="kube-system"
I1219 06:39:54.196478       1 flags.go:64] FLAG: --log-flush-frequency="5s"
I1219 06:39:54.196480       1 flags.go:64] FLAG: --log_backtrace_at=":0"
I1219 06:39:54.196486       1 flags.go:64] FLAG: --log_dir=""
I1219 06:39:54.196489       1 flags.go:64] FLAG: --log_file=""
I1219 06:39:54.196491       1 flags.go:64] FLAG: --log_file_max_size="1800"
I1219 06:39:54.196494       1 flags.go:64] FLAG: --logging-format="text"
I1219 06:39:54.196496       1 flags.go:64] FLAG: --logtostderr="true"
I1219 06:39:54.196500       1 flags.go:64] FLAG: --master=""
I1219 06:39:54.196503       1 flags.go:64] FLAG: --one_output="false"
I1219 06:39:54.196506       1 flags.go:64] FLAG: --permit-address-sharing="false"
I1219 06:39:54.196509       1 flags.go:64] FLAG: --permit-port-sharing="false"
I1219 06:39:54.196515       1 flags.go:64] FLAG: --port="0"
I1219 06:39:54.196518       1 flags.go:64] FLAG: --profiling="true"
I1219 06:39:54.196524       1 flags.go:64] FLAG: --requestheader-allowed-names="[]"
I1219 06:39:54.196528       1 flags.go:64] FLAG: --requestheader-client-ca-file=""
I1219 06:39:54.196530       1 flags.go:64] FLAG: --requestheader-extra-headers-prefix="[x-remote-extra-]"
I1219 06:39:54.196534       1 flags.go:64] FLAG: --requestheader-group-headers="[x-remote-group]"
I1219 06:39:54.196539       1 flags.go:64] FLAG: --requestheader-username-headers="[x-remote-user]"
I1219 06:39:54.196544       1 flags.go:64] FLAG: --secure-port="10259"
I1219 06:39:54.196546       1 flags.go:64] FLAG: --show-hidden-metrics-for-version=""
I1219 06:39:54.196548       1 flags.go:64] FLAG: --skip_headers="false"
I1219 06:39:54.196551       1 flags.go:64] FLAG: --skip_log_headers="false"
I1219 06:39:54.196553       1 flags.go:64] FLAG: --stderrthreshold="2"
I1219 06:39:54.196555       1 flags.go:64] FLAG: --tls-cert-file=""
I1219 06:39:54.196557       1 flags.go:64] FLAG: --tls-cipher-suites="[]"
I1219 06:39:54.196559       1 flags.go:64] FLAG: --tls-min-version=""
I1219 06:39:54.196561       1 flags.go:64] FLAG: --tls-private-key-file=""
I1219 06:39:54.196563       1 flags.go:64] FLAG: --tls-sni-cert-key="[]"
I1219 06:39:54.196566       1 flags.go:64] FLAG: --v="5"
I1219 06:39:54.196575       1 flags.go:64] FLAG: --version="false"
2023-12-19T06:39:54.196Z	INFO	Registering webhook
I1219 06:39:54.196580       1 flags.go:64] FLAG: --vmodule=""
I1219 06:39:54.196588       1 flags.go:64] FLAG: --write-config-to=""
2023-12-19T06:39:54.196Z	INFO	Registering a mutating webhook	{"GVK": "k8s.v6d.io/v1alpha1, Kind=Vineyardd", "path": "/mutate-k8s-v6d-io-v1alpha1-vineyardd"}
2023-12-19T06:39:54.196Z	INFO	Registering webhook
2023-12-19T06:39:54.196Z	INFO	Registering a validating webhook	{"GVK": "k8s.v6d.io/v1alpha1, Kind=Vineyardd", "path": "/validate-k8s-v6d-io-v1alpha1-vineyardd"}
2023-12-19T06:39:54.196Z	INFO	Registering webhook
2023-12-19T06:39:54.196Z	INFO	Registering a mutating webhook	{"GVK": "k8s.v6d.io/v1alpha1, Kind=Operation", "path": "/mutate-k8s-v6d-io-v1alpha1-operation"}
2023-12-19T06:39:54.196Z	INFO	Registering webhook
2023-12-19T06:39:54.196Z	INFO	Registering a validating webhook	{"GVK": "k8s.v6d.io/v1alpha1, Kind=Operation", "path": "/validate-k8s-v6d-io-v1alpha1-operation"}
2023-12-19T06:39:54.196Z	INFO	Registering webhook
2023-12-19T06:39:54.197Z	INFO	Registering a mutating webhook	{"GVK": "k8s.v6d.io/v1alpha1, Kind=Sidecar", "path": "/mutate-k8s-v6d-io-v1alpha1-sidecar"}
2023-12-19T06:39:54.197Z	INFO	Registering webhook
2023-12-19T06:39:54.197Z	INFO	Registering a validating webhook	{"GVK": "k8s.v6d.io/v1alpha1, Kind=Sidecar", "path": "/validate-k8s-v6d-io-v1alpha1-sidecar"}
2023-12-19T06:39:54.197Z	INFO	Registering webhook
2023-12-19T06:39:54.197Z	INFO	Registering a mutating webhook	{"GVK": "k8s.v6d.io/v1alpha1, Kind=Backup", "path": "/mutate-k8s-v6d-io-v1alpha1-backup"}
2023-12-19T06:39:54.197Z	INFO	Registering webhook
2023-12-19T06:39:54.197Z	INFO	Registering a validating webhook	{"GVK": "k8s.v6d.io/v1alpha1, Kind=Backup", "path": "/validate-k8s-v6d-io-v1alpha1-backup"}
2023-12-19T06:39:54.197Z	INFO	Registering webhook
2023-12-19T06:39:54.197Z	INFO	Registering a mutating webhook	{"GVK": "k8s.v6d.io/v1alpha1, Kind=Recover", "path": "/mutate-k8s-v6d-io-v1alpha1-recover"}
2023-12-19T06:39:54.197Z	INFO	Registering webhook
2023-12-19T06:39:54.197Z	INFO	Registering a validating webhook	{"GVK": "k8s.v6d.io/v1alpha1, Kind=Recover", "path": "/validate-k8s-v6d-io-v1alpha1-recover"}
2023-12-19T06:39:54.197Z	INFO	Registering webhook
2023-12-19T06:39:54.197Z	INFO	Registering a mutating webhook	{"GVK": "k8s.v6d.io/v1alpha1, Kind=CSIDriver", "path": "/mutate-k8s-v6d-io-v1alpha1-csidriver"}
2023-12-19T06:39:54.197Z	INFO	Registering webhook
2023-12-19T06:39:54.197Z	INFO	Registering a validating webhook	{"GVK": "k8s.v6d.io/v1alpha1, Kind=CSIDriver", "path": "/validate-k8s-v6d-io-v1alpha1-csidriver"}
2023-12-19T06:39:54.197Z	INFO	Registering webhook
2023-12-19T06:39:54.197Z	INFO	registering the assembly webhook
2023-12-19T06:39:54.197Z	INFO	Registering webhook
2023-12-19T06:39:54.197Z	INFO	the assembly webhook is registered
2023-12-19T06:39:54.197Z	INFO	registering the sidecar webhook
2023-12-19T06:39:54.197Z	INFO	Registering webhook
2023-12-19T06:39:54.197Z	INFO	the sidecar webhook is registered
2023-12-19T06:39:54.197Z	INFO	registering the scheduling webhook
2023-12-19T06:39:54.197Z	INFO	Registering webhook
2023-12-19T06:39:54.198Z	INFO	the scheduling webhook is registered
2023-12-19T06:39:54.198Z	INFO	starting manager
2023-12-19T06:39:54.198Z	INFO	Starting webhook server
2023-12-19T06:39:54.198Z	INFO	Starting server
2023-12-19T06:39:54.198Z	INFO	Starting server
I1219 06:39:54.198196       1 shared_informer.go:270] caches populated
2023-12-19T06:39:54.198Z	INFO	Updated current TLS certificate
2023-12-19T06:39:54.198Z	INFO	Starting EventSource	{"source": "kind source: *v1alpha1.LocalObject"}
2023-12-19T06:39:54.198Z	INFO	Starting Controller
2023-12-19T06:39:54.198Z	INFO	Serving webhook server	{"host": "", "port": 9443}
2023-12-19T06:39:54.198Z	INFO	Starting certificate watcher
2023-12-19T06:39:54.198Z	INFO	Starting EventSource	{"source": "kind source: *v1alpha1.Vineyardd"}
2023-12-19T06:39:54.198Z	INFO	Starting EventSource	{"source": "kind source: *v1alpha1.GlobalObject"}
2023-12-19T06:39:54.198Z	INFO	Starting Controller
2023-12-19T06:39:54.198Z	INFO	Starting Controller
2023-12-19T06:39:54.198Z	INFO	Starting EventSource	{"source": "kind source: *v1alpha1.Operation"}
2023-12-19T06:39:54.198Z	INFO	Starting Controller
I1219 06:39:54.198494       1 reflector.go:219] Starting reflector *v1alpha1.LocalObject (10h30m41.314749036s) from pkg/mod/k8s.io/client-go@v0.23.0/tools/cache/reflector.go:167
I1219 06:39:54.198506       1 reflector.go:255] Listing and watching *v1alpha1.LocalObject from pkg/mod/k8s.io/client-go@v0.23.0/tools/cache/reflector.go:167
2023-12-19T06:39:54.198Z	INFO	Starting EventSource	{"source": "kind source: *v1alpha1.Recover"}
2023-12-19T06:39:54.198Z	INFO	Starting EventSource	{"source": "kind source: *v1alpha1.CSIDriver"}
I1219 06:39:54.198544       1 reflector.go:219] Starting reflector *v1alpha1.Vineyardd (9h49m28.13041282s) from pkg/mod/k8s.io/client-go@v0.23.0/tools/cache/reflector.go:167
2023-12-19T06:39:54.198Z	INFO	Starting EventSource	{"source": "kind source: *v1alpha1.Sidecar"}
I1219 06:39:54.198552       1 reflector.go:255] Listing and watching *v1alpha1.Vineyardd from pkg/mod/k8s.io/client-go@v0.23.0/tools/cache/reflector.go:167
2023-12-19T06:39:54.198Z	INFO	Starting Controller
2023-12-19T06:39:54.198Z	INFO	Starting Controller
2023-12-19T06:39:54.198Z	INFO	Starting Controller
2023-12-19T06:39:54.198Z	INFO	Starting EventSource	{"source": "kind source: *v1alpha1.Backup"}
2023-12-19T06:39:54.198Z	INFO	Starting Controller
I1219 06:39:54.198670       1 reflector.go:219] Starting reflector *v1alpha1.CSIDriver (9h18m3.108922721s) from pkg/mod/k8s.io/client-go@v0.23.0/tools/cache/reflector.go:167
I1219 06:39:54.198680       1 reflector.go:255] Listing and watching *v1alpha1.CSIDriver from pkg/mod/k8s.io/client-go@v0.23.0/tools/cache/reflector.go:167
I1219 06:39:54.198743       1 reflector.go:219] Starting reflector *v1alpha1.Operation (10h32m55.865509187s) from pkg/mod/k8s.io/client-go@v0.23.0/tools/cache/reflector.go:167
I1219 06:39:54.198751       1 reflector.go:255] Listing and watching *v1alpha1.Operation from pkg/mod/k8s.io/client-go@v0.23.0/tools/cache/reflector.go:167
I1219 06:39:54.198862       1 reflector.go:219] Starting reflector *v1alpha1.GlobalObject (10h59m51.01252598s) from pkg/mod/k8s.io/client-go@v0.23.0/tools/cache/reflector.go:167
I1219 06:39:54.198879       1 reflector.go:255] Listing and watching *v1alpha1.GlobalObject from pkg/mod/k8s.io/client-go@v0.23.0/tools/cache/reflector.go:167
I1219 06:39:54.198927       1 reflector.go:219] Starting reflector *v1alpha1.Sidecar (10h58m0.170086531s) from pkg/mod/k8s.io/client-go@v0.23.0/tools/cache/reflector.go:167
I1219 06:39:54.198941       1 reflector.go:255] Listing and watching *v1alpha1.Sidecar from pkg/mod/k8s.io/client-go@v0.23.0/tools/cache/reflector.go:167
I1219 06:39:54.199016       1 reflector.go:219] Starting reflector *v1alpha1.Recover (10h36m56.923936979s) from pkg/mod/k8s.io/client-go@v0.23.0/tools/cache/reflector.go:167
I1219 06:39:54.199028       1 reflector.go:255] Listing and watching *v1alpha1.Recover from pkg/mod/k8s.io/client-go@v0.23.0/tools/cache/reflector.go:167
I1219 06:39:54.199097       1 reflector.go:219] Starting reflector *v1alpha1.Backup (9h45m34.169229853s) from pkg/mod/k8s.io/client-go@v0.23.0/tools/cache/reflector.go:167
I1219 06:39:54.199115       1 reflector.go:255] Listing and watching *v1alpha1.Backup from pkg/mod/k8s.io/client-go@v0.23.0/tools/cache/reflector.go:167
I1219 06:39:54.299250       1 shared_informer.go:270] caches populated
I1219 06:39:54.299271       1 shared_informer.go:270] caches populated
I1219 06:39:54.299276       1 shared_informer.go:270] caches populated
I1219 06:39:54.299285       1 shared_informer.go:270] caches populated
I1219 06:39:54.398818       1 shared_informer.go:270] caches populated
I1219 06:39:54.398875       1 shared_informer.go:270] caches populated
2023-12-19T06:39:54.398Z	INFO	Starting workers	{"worker count": 1}
I1219 06:39:54.398957       1 shared_informer.go:270] caches populated
I1219 06:39:54.398974       1 shared_informer.go:270] caches populated
2023-12-19T06:39:54.398Z	INFO	Starting workers	{"worker count": 1}
I1219 06:39:54.399870       1 shared_informer.go:270] caches populated
I1219 06:39:54.399882       1 shared_informer.go:270] caches populated
I1219 06:39:54.399900       1 shared_informer.go:270] caches populated
I1219 06:39:54.399902       1 shared_informer.go:270] caches populated
I1219 06:39:54.399911       1 shared_informer.go:270] caches populated
2023-12-19T06:39:54.399Z	INFO	Starting workers	{"worker count": 1}
2023-12-19T06:39:54.399Z	INFO	Starting workers	{"worker count": 1}
2023-12-19T06:39:54.399Z	INFO	Starting workers	{"worker count": 1}
I1219 06:39:54.399933       1 shared_informer.go:270] caches populated
2023-12-19T06:39:54.399Z	INFO	Starting workers	{"worker count": 1}
I1219 06:39:54.399944       1 shared_informer.go:270] caches populated
2023-12-19T06:39:54.399Z	INFO	Starting workers	{"worker count": 1}
I1219 06:39:54.399992       1 shared_informer.go:270] caches populated
2023-12-19T06:39:54.399Z	INFO	Starting workers	{"worker count": 1}
I1219 06:39:54.813036       1 serving.go:348] Generated self-signed cert in-memory
I1219 06:39:55.326626       1 requestheader_controller.go:244] Loaded a new request header values for RequestHeaderAuthRequestController
W1219 06:39:55.327061       1 client_config.go:617] Neither --kubeconfig nor --master was specified.  Using the inClusterConfig.  This might not work.
2023-12-19T06:39:55.330Z	INFO	Initializing the vineyard scheduler plugin ...
I1219 06:39:55.330650       1 framework.go:437] "all plugins disabled for extension point, skipping MultiPoint expansion" extension="framework.ScorePlugin"
I1219 06:39:55.332176       1 configfile.go:96] Using component config
-------------------------Configuration File Contents Start Here---------------------- 
apiVersion: kubescheduler.config.k8s.io/v1beta3
clientConnection:
  acceptContentTypes: ""
  burst: 100
  contentType: application/vnd.kubernetes.protobuf
  kubeconfig: ""
  qps: 50
enableContentionProfiling: true
enableProfiling: true
kind: KubeSchedulerConfiguration
leaderElection:
  leaderElect: false
  leaseDuration: 1m0s
  renewDeadline: 10s
  resourceLock: leases
  resourceName: vineyard-scheduler
  resourceNamespace: vineyard-system
  retryPeriod: 2s
parallelism: 16
percentageOfNodesToScore: 0
podInitialBackoffSeconds: 1
podMaxBackoffSeconds: 10
profiles:
- pluginConfig:
  - args:
      apiVersion: kubescheduler.config.k8s.io/v1beta3
      kind: DefaultPreemptionArgs
      minCandidateNodesAbsolute: 100
      minCandidateNodesPercentage: 10
    name: DefaultPreemption
  - args:
      apiVersion: kubescheduler.config.k8s.io/v1beta3
      hardPodAffinityWeight: 1
      kind: InterPodAffinityArgs
    name: InterPodAffinity
  - args:
      apiVersion: kubescheduler.config.k8s.io/v1beta3
      kind: NodeAffinityArgs
    name: NodeAffinity
  - args:
      apiVersion: kubescheduler.config.k8s.io/v1beta3
      kind: NodeResourcesBalancedAllocationArgs
      resources:
      - name: cpu
        weight: 1
      - name: memory
        weight: 1
    name: NodeResourcesBalancedAllocation
  - args:
      apiVersion: kubescheduler.config.k8s.io/v1beta3
      kind: NodeResourcesFitArgs
      scoringStrategy:
        resources:
        - name: cpu
          weight: 1
        - name: memory
          weight: 1
        type: LeastAllocated
    name: NodeResourcesFit
  - args:
      apiVersion: kubescheduler.config.k8s.io/v1beta3
      defaultingType: System
      kind: PodTopologySpreadArgs
    name: PodTopologySpread
  - args:
      apiVersion: kubescheduler.config.k8s.io/v1beta3
      bindTimeoutSeconds: 600
      kind: VolumeBindingArgs
    name: VolumeBinding
  plugins:
    bind: {}
    filter: {}
    multiPoint:
      enabled:
      - name: PrioritySort
        weight: 0
      - name: NodeUnschedulable
        weight: 0
      - name: NodeName
        weight: 0
      - name: TaintToleration
        weight: 3
      - name: NodeAffinity
        weight: 2
      - name: NodePorts
        weight: 0
      - name: NodeResourcesFit
        weight: 1
      - name: VolumeRestrictions
        weight: 0
      - name: EBSLimits
        weight: 0
      - name: GCEPDLimits
        weight: 0
      - name: NodeVolumeLimits
        weight: 0
      - name: AzureDiskLimits
        weight: 0
      - name: VolumeBinding
        weight: 0
      - name: VolumeZone
        weight: 0
      - name: PodTopologySpread
        weight: 2
      - name: InterPodAffinity
        weight: 2
      - name: DefaultPreemption
        weight: 0
      - name: NodeResourcesBalancedAllocation
        weight: 1
      - name: ImageLocality
        weight: 1
      - name: DefaultBinder
        weight: 0
    permit: {}
    postBind:
      enabled:
      - name: Vineyard
        weight: 0
    postFilter: {}
    preBind: {}
    preFilter: {}
    preScore: {}
    queueSort: {}
    reserve: {}
    score:
      disabled:
      - name: '*'
        weight: 0
      enabled:
      - name: Vineyard
        weight: 0
  schedulerName: vineyard-scheduler

------------------------------------Configuration File Contents End Here---------------------------------
I1219 06:39:55.332196       1 server.go:139] "Starting Kubernetes Scheduler" version="v0.0.0-master+$Format:%H$"
I1219 06:39:55.332269       1 healthz.go:170] No default health checks specified. Installing the ping handler.
I1219 06:39:55.332276       1 healthz.go:174] Installing health checkers for (/healthz): "ping"
I1219 06:39:55.334566       1 requestheader_controller.go:169] Starting RequestHeaderAuthRequestController
I1219 06:39:55.334577       1 shared_informer.go:240] Waiting for caches to sync for RequestHeaderAuthRequestController
I1219 06:39:55.334618       1 reflector.go:219] Starting reflector *v1.ConfigMap (12h0m0s) from pkg/mod/k8s.io/client-go@v0.23.0/tools/cache/reflector.go:167
I1219 06:39:55.334625       1 reflector.go:255] Listing and watching *v1.ConfigMap from pkg/mod/k8s.io/client-go@v0.23.0/tools/cache/reflector.go:167
I1219 06:39:55.334770       1 configmap_cafile_content.go:201] "Starting controller" name="client-ca::kube-system::extension-apiserver-authentication::client-ca-file"
I1219 06:39:55.334783       1 shared_informer.go:240] Waiting for caches to sync for client-ca::kube-system::extension-apiserver-authentication::client-ca-file
I1219 06:39:55.334777       1 configmap_cafile_content.go:201] "Starting controller" name="client-ca::kube-system::extension-apiserver-authentication::requestheader-client-ca-file"
I1219 06:39:55.334809       1 shared_informer.go:240] Waiting for caches to sync for client-ca::kube-system::extension-apiserver-authentication::requestheader-client-ca-file
I1219 06:39:55.334822       1 reflector.go:219] Starting reflector *v1.ConfigMap (12h0m0s) from pkg/mod/k8s.io/client-go@v0.23.0/tools/cache/reflector.go:167
I1219 06:39:55.334828       1 reflector.go:255] Listing and watching *v1.ConfigMap from pkg/mod/k8s.io/client-go@v0.23.0/tools/cache/reflector.go:167
I1219 06:39:55.334861       1 reflector.go:219] Starting reflector *v1.ConfigMap (12h0m0s) from pkg/mod/k8s.io/client-go@v0.23.0/tools/cache/reflector.go:167
I1219 06:39:55.334868       1 reflector.go:255] Listing and watching *v1.ConfigMap from pkg/mod/k8s.io/client-go@v0.23.0/tools/cache/reflector.go:167
I1219 06:39:55.334876       1 tlsconfig.go:200] "Loaded serving cert" certName="Generated self signed cert" certDetail="\"localhost@1702967994\" [serving] validServingFor=[127.0.0.1,localhost,localhost] issuer=\"localhost-ca@1702967994\" (2023-12-19 05:39:54 +0000 UTC to 2024-12-18 05:39:54 +0000 UTC (now=2023-12-19 06:39:55.334856644 +0000 UTC))"
I1219 06:39:55.334958       1 named_certificates.go:53] "Loaded SNI cert" index=0 certName="self-signed loopback" certDetail="\"apiserver-loopback-client@1702967995\" [serving] validServingFor=[apiserver-loopback-client] issuer=\"apiserver-loopback-client-ca@1702967995\" (2023-12-19 05:39:54 +0000 UTC to 2024-12-18 05:39:54 +0000 UTC (now=2023-12-19 06:39:55.334947386 +0000 UTC))"
I1219 06:39:55.334973       1 secure_serving.go:200] Serving securely on [::]:10259
I1219 06:39:55.335053       1 reflector.go:219] Starting reflector *v1.PodDisruptionBudget (0s) from pkg/mod/k8s.io/client-go@v0.23.0/tools/cache/reflector.go:167
I1219 06:39:55.335060       1 reflector.go:219] Starting reflector *v1.Namespace (0s) from pkg/mod/k8s.io/client-go@v0.23.0/tools/cache/reflector.go:167
I1219 06:39:55.335065       1 reflector.go:255] Listing and watching *v1.Namespace from pkg/mod/k8s.io/client-go@v0.23.0/tools/cache/reflector.go:167
I1219 06:39:55.335070       1 tlsconfig.go:240] "Starting DynamicServingCertificateController"
I1219 06:39:55.335137       1 reflector.go:219] Starting reflector *v1.PersistentVolume (0s) from pkg/mod/k8s.io/client-go@v0.23.0/tools/cache/reflector.go:167
I1219 06:39:55.335141       1 reflector.go:255] Listing and watching *v1.PersistentVolume from pkg/mod/k8s.io/client-go@v0.23.0/tools/cache/reflector.go:167
I1219 06:39:55.335230       1 reflector.go:219] Starting reflector *v1.CSINode (0s) from pkg/mod/k8s.io/client-go@v0.23.0/tools/cache/reflector.go:167
I1219 06:39:55.335237       1 reflector.go:255] Listing and watching *v1.CSINode from pkg/mod/k8s.io/client-go@v0.23.0/tools/cache/reflector.go:167
I1219 06:39:55.335324       1 reflector.go:219] Starting reflector *v1.Pod (0s) from pkg/mod/k8s.io/client-go@v0.23.0/tools/cache/reflector.go:167
I1219 06:39:55.335335       1 reflector.go:255] Listing and watching *v1.Pod from pkg/mod/k8s.io/client-go@v0.23.0/tools/cache/reflector.go:167
I1219 06:39:55.335367       1 reflector.go:219] Starting reflector *v1.Service (0s) from pkg/mod/k8s.io/client-go@v0.23.0/tools/cache/reflector.go:167
I1219 06:39:55.335374       1 reflector.go:255] Listing and watching *v1.Service from pkg/mod/k8s.io/client-go@v0.23.0/tools/cache/reflector.go:167
I1219 06:39:55.335444       1 reflector.go:219] Starting reflector *v1.ReplicationController (0s) from pkg/mod/k8s.io/client-go@v0.23.0/tools/cache/reflector.go:167
I1219 06:39:55.335450       1 reflector.go:255] Listing and watching *v1.ReplicationController from pkg/mod/k8s.io/client-go@v0.23.0/tools/cache/reflector.go:167
I1219 06:39:55.335516       1 reflector.go:219] Starting reflector *v1.ReplicaSet (0s) from pkg/mod/k8s.io/client-go@v0.23.0/tools/cache/reflector.go:167
I1219 06:39:55.335521       1 reflector.go:255] Listing and watching *v1.ReplicaSet from pkg/mod/k8s.io/client-go@v0.23.0/tools/cache/reflector.go:167
I1219 06:39:55.335541       1 reflector.go:219] Starting reflector *v1.StorageClass (0s) from pkg/mod/k8s.io/client-go@v0.23.0/tools/cache/reflector.go:167
I1219 06:39:55.335551       1 reflector.go:255] Listing and watching *v1.StorageClass from pkg/mod/k8s.io/client-go@v0.23.0/tools/cache/reflector.go:167
I1219 06:39:55.335669       1 reflector.go:219] Starting reflector *v1.StatefulSet (0s) from pkg/mod/k8s.io/client-go@v0.23.0/tools/cache/reflector.go:167
I1219 06:39:55.335675       1 reflector.go:255] Listing and watching *v1.StatefulSet from pkg/mod/k8s.io/client-go@v0.23.0/tools/cache/reflector.go:167
I1219 06:39:55.335060       1 reflector.go:255] Listing and watching *v1.PodDisruptionBudget from pkg/mod/k8s.io/client-go@v0.23.0/tools/cache/reflector.go:167
I1219 06:39:55.335784       1 reflector.go:219] Starting reflector *v1.PersistentVolumeClaim (0s) from pkg/mod/k8s.io/client-go@v0.23.0/tools/cache/reflector.go:167
I1219 06:39:55.335792       1 reflector.go:255] Listing and watching *v1.PersistentVolumeClaim from pkg/mod/k8s.io/client-go@v0.23.0/tools/cache/reflector.go:167
I1219 06:39:55.335847       1 reflector.go:219] Starting reflector *v1beta1.CSIStorageCapacity (0s) from pkg/mod/k8s.io/client-go@v0.23.0/tools/cache/reflector.go:167
I1219 06:39:55.335857       1 reflector.go:255] Listing and watching *v1beta1.CSIStorageCapacity from pkg/mod/k8s.io/client-go@v0.23.0/tools/cache/reflector.go:167
I1219 06:39:55.335895       1 reflector.go:219] Starting reflector *v1.Node (0s) from pkg/mod/k8s.io/client-go@v0.23.0/tools/cache/reflector.go:167
I1219 06:39:55.335900       1 reflector.go:255] Listing and watching *v1.Node from pkg/mod/k8s.io/client-go@v0.23.0/tools/cache/reflector.go:167
I1219 06:39:55.335953       1 reflector.go:219] Starting reflector *v1.CSIDriver (0s) from pkg/mod/k8s.io/client-go@v0.23.0/tools/cache/reflector.go:167
I1219 06:39:55.335959       1 reflector.go:255] Listing and watching *v1.CSIDriver from pkg/mod/k8s.io/client-go@v0.23.0/tools/cache/reflector.go:167
I1219 06:39:55.384255       1 node_tree.go:65] "Added node in listed group to NodeTree" node="kind-worker3" zone=""
I1219 06:39:55.384327       1 eventhandlers.go:71] "Add event for node" node="kind-worker3"
I1219 06:39:55.384343       1 node_tree.go:65] "Added node in listed group to NodeTree" node="kind-worker" zone=""
I1219 06:39:55.384371       1 eventhandlers.go:71] "Add event for node" node="kind-worker"
I1219 06:39:55.384389       1 node_tree.go:65] "Added node in listed group to NodeTree" node="kind-worker2" zone=""
I1219 06:39:55.384409       1 eventhandlers.go:71] "Add event for node" node="kind-worker2"
I1219 06:39:55.384420       1 node_tree.go:65] "Added node in listed group to NodeTree" node="kind-control-plane" zone=""
I1219 06:39:55.384440       1 eventhandlers.go:71] "Add event for node" node="kind-control-plane"
I1219 06:39:55.384787       1 eventhandlers.go:186] "Add event for scheduled pod" pod="kube-system/kube-controller-manager-kind-control-plane"
I1219 06:39:55.384824       1 eventhandlers.go:186] "Add event for scheduled pod" pod="kube-system/kube-proxy-24twl"
I1219 06:39:55.384842       1 eventhandlers.go:186] "Add event for scheduled pod" pod="kube-system/kindnet-jqfgz"
I1219 06:39:55.384870       1 eventhandlers.go:186] "Add event for scheduled pod" pod="kube-system/kube-proxy-7nzms"
I1219 06:39:55.384892       1 eventhandlers.go:186] "Add event for scheduled pod" pod="kube-system/kindnet-sdhbc"
I1219 06:39:55.384915       1 eventhandlers.go:186] "Add event for scheduled pod" pod="kube-system/kube-proxy-4ktrj"
I1219 06:39:55.384924       1 eventhandlers.go:186] "Add event for scheduled pod" pod="kube-system/coredns-64897985d-cs8zp"
I1219 06:39:55.384933       1 eventhandlers.go:186] "Add event for scheduled pod" pod="vineyard-system/vineyard-controller-manager-5854fdb4cb-tvkt8"
I1219 06:39:55.384960       1 eventhandlers.go:186] "Add event for scheduled pod" pod="kube-system/kube-apiserver-kind-control-plane"
I1219 06:39:55.384982       1 eventhandlers.go:186] "Add event for scheduled pod" pod="kube-system/etcd-kind-control-plane"
I1219 06:39:55.384995       1 eventhandlers.go:186] "Add event for scheduled pod" pod="kube-system/kindnet-xmn9k"
I1219 06:39:55.385003       1 eventhandlers.go:186] "Add event for scheduled pod" pod="kube-system/kindnet-qp8ms"
I1219 06:39:55.385015       1 eventhandlers.go:186] "Add event for scheduled pod" pod="kube-system/coredns-64897985d-27648"
I1219 06:39:55.385023       1 eventhandlers.go:186] "Add event for scheduled pod" pod="local-path-storage/local-path-provisioner-5bb5788f44-tkbdx"
I1219 06:39:55.385046       1 eventhandlers.go:186] "Add event for scheduled pod" pod="cert-manager/cert-manager-64d9bc8b74-4h564"
I1219 06:39:55.385102       1 eventhandlers.go:186] "Add event for scheduled pod" pod="cert-manager/cert-manager-webhook-6c9dd55dc8-dsx88"
I1219 06:39:55.385121       1 eventhandlers.go:186] "Add event for scheduled pod" pod="kube-system/kube-proxy-6k9xn"
I1219 06:39:55.385130       1 eventhandlers.go:186] "Add event for scheduled pod" pod="kube-system/kube-scheduler-kind-control-plane"
I1219 06:39:55.385142       1 eventhandlers.go:186] "Add event for scheduled pod" pod="cert-manager/cert-manager-cainjector-6db6b64d5f-zls8x"
I1219 06:39:55.434725       1 shared_informer.go:270] caches populated
I1219 06:39:55.434742       1 shared_informer.go:247] Caches are synced for RequestHeaderAuthRequestController 
I1219 06:39:55.434860       1 shared_informer.go:270] caches populated
I1219 06:39:55.434866       1 shared_informer.go:247] Caches are synced for client-ca::kube-system::extension-apiserver-authentication::client-ca-file 
I1219 06:39:55.434879       1 shared_informer.go:270] caches populated
I1219 06:39:55.434891       1 shared_informer.go:247] Caches are synced for client-ca::kube-system::extension-apiserver-authentication::requestheader-client-ca-file 
I1219 06:39:55.435048       1 shared_informer.go:270] caches populated
I1219 06:39:55.435057       1 shared_informer.go:270] caches populated
I1219 06:39:55.435065       1 shared_informer.go:270] caches populated
I1219 06:39:55.435068       1 shared_informer.go:270] caches populated
I1219 06:39:55.435072       1 shared_informer.go:270] caches populated
I1219 06:39:55.435076       1 shared_informer.go:270] caches populated
I1219 06:39:55.435083       1 shared_informer.go:270] caches populated
I1219 06:39:55.435095       1 shared_informer.go:270] caches populated
I1219 06:39:55.435099       1 shared_informer.go:270] caches populated
I1219 06:39:55.435104       1 shared_informer.go:270] caches populated
I1219 06:39:55.435107       1 shared_informer.go:270] caches populated
I1219 06:39:55.435120       1 shared_informer.go:270] caches populated
I1219 06:39:55.435115       1 tlsconfig.go:178] "Loaded client CA" index=0 certName="client-ca::kube-system::extension-apiserver-authentication::client-ca-file,client-ca::kube-system::extension-apiserver-authentication::requestheader-client-ca-file" certDetail="\"kubernetes\" [] validServingFor=[kubernetes] issuer=\"<self>\" (2023-12-18 12:48:36 +0000 UTC to 2033-12-15 12:48:36 +0000 UTC (now=2023-12-19 06:39:55.435089597 +0000 UTC))"
I1219 06:39:55.435125       1 shared_informer.go:270] caches populated
I1219 06:39:55.435129       1 shared_informer.go:270] caches populated
I1219 06:39:55.435144       1 tlsconfig.go:178] "Loaded client CA" index=1 certName="client-ca::kube-system::extension-apiserver-authentication::client-ca-file,client-ca::kube-system::extension-apiserver-authentication::requestheader-client-ca-file" certDetail="\"front-proxy-ca\" [] validServingFor=[front-proxy-ca] issuer=\"<self>\" (2023-12-18 12:48:37 +0000 UTC to 2033-12-15 12:48:37 +0000 UTC (now=2023-12-19 06:39:55.435131585 +0000 UTC))"
I1219 06:39:55.435253       1 tlsconfig.go:200] "Loaded serving cert" certName="Generated self signed cert" certDetail="\"localhost@1702967994\" [serving] validServingFor=[127.0.0.1,localhost,localhost] issuer=\"localhost-ca@1702967994\" (2023-12-19 05:39:54 +0000 UTC to 2024-12-18 05:39:54 +0000 UTC (now=2023-12-19 06:39:55.435241084 +0000 UTC))"
I1219 06:39:55.435337       1 named_certificates.go:53] "Loaded SNI cert" index=0 certName="self-signed loopback" certDetail="\"apiserver-loopback-client@1702967995\" [serving] validServingFor=[apiserver-loopback-client] issuer=\"apiserver-loopback-client-ca@1702967995\" (2023-12-19 05:39:54 +0000 UTC to 2024-12-18 05:39:54 +0000 UTC (now=2023-12-19 06:39:55.435326516 +0000 UTC))"
2023-12-19T06:40:14.708Z	INFO	default	{"name": "sidecar-sample"}
2023-12-19T06:40:14.713Z	INFO	validate create	{"name": "sidecar-sample"}
2023-12-19T06:40:14.720Z	INFO	could not find existing resource, creating one...
2023-12-19T06:40:14.724Z	INFO	created
I1219 06:40:14.726513       1 eventhandlers.go:186] "Add event for scheduled pod" pod="vineyard-job/sidecar-sample-etcd-0"
2023-12-19T06:40:14.727Z	INFO	could not find existing resource, creating one...
I1219 06:40:14.730948       1 eventhandlers.go:186] "Add event for scheduled pod" pod="vineyard-job/job-deployment-with-custom-sidecar-767d486b4c-f5sx5"
2023-12-19T06:40:14.732Z	INFO	created
I1219 06:40:14.733540       1 eventhandlers.go:186] "Add event for scheduled pod" pod="vineyard-job/job-deployment-with-custom-sidecar-767d486b4c-5jwng"
2023-12-19T06:40:14.735Z	INFO	could not find existing resource, creating one...
2023-12-19T06:40:14.740Z	INFO	created
2023-12-19T06:40:14.744Z	INFO	could not find existing resource, creating one...
2023-12-19T06:40:14.748Z	INFO	created
I1219 06:40:14.748669       1 reflector.go:219] Starting reflector *v1.Pod (9h21m50.901843105s) from pkg/mod/k8s.io/client-go@v0.23.0/tools/cache/reflector.go:167
I1219 06:40:14.748680       1 reflector.go:255] Listing and watching *v1.Pod from pkg/mod/k8s.io/client-go@v0.23.0/tools/cache/reflector.go:167
I1219 06:40:14.849168       1 shared_informer.go:270] caches populated
2023-12-19T06:40:14.856Z	INFO	resource keeps the same as before
2023-12-19T06:40:14.858Z	INFO	resource keeps the same as before
2023-12-19T06:40:14.859Z	INFO	resource keeps the same as before
2023-12-19T06:40:14.860Z	INFO	resource keeps the same as before
2023-12-19T06:41:14.859Z	INFO	resource keeps the same as before
2023-12-19T06:41:14.861Z	INFO	resource keeps the same as before
2023-12-19T06:41:14.862Z	INFO	resource keeps the same as before
2023-12-19T06:41:14.864Z	INFO	resource keeps the same as before
2023-12-19T06:42:14.873Z	INFO	resource keeps the same as before
2023-12-19T06:42:14.875Z	INFO	resource keeps the same as before
2023-12-19T06:42:14.880Z	INFO	resource keeps the same as before
2023-12-19T06:42:14.886Z	INFO	resource keeps the same as before
2023-12-19T06:43:14.901Z	INFO	resource keeps the same as before
2023-12-19T06:43:14.903Z	INFO	resource keeps the same as before
2023-12-19T06:43:14.904Z	INFO	resource keeps the same as before
2023-12-19T06:43:14.906Z	INFO	resource keeps the same as before
